Script started on Wed 04 Sep 2019 08:48:39 PM CDT
[?1034hbash-4.2$ git add .
warning: You ran 'git add' with neither '-A (--all)' or '--ignore-removal',
whose behaviour will change in Git 2.0 with respect to paths you removed.
Paths like 'helloworld.c' that are
removed from your working tree are ignored with this version of Git.

* 'git add --ignore-removal <pathspec>', which is the current default,
  ignores paths you removed from your working tree.

* 'git add --all <pathspec>' will let you also record the removals.

Run 'git status' to check the paths you removed from your working tree.

bash-4.2$ git status
# On branch master
# Changes to be committed:
#   (use "git reset HEAD <file>..." to unstage)
#
#	new file:   .gdbinit
#	new file:   commands.script
#	new file:   cpuinfo.txt
#	new file:   gcc.script
#	new file:   git.script
#	new file:   interrupts.txt
#	new file:   libgit2
#	new file:   lspci.txt
#	new file:   meminfo.txt
#	new file:   simple
#	modified:   simple.c
#
# Changes not staged for commit:
#   (use "git add/rm <file>..." to update what will be committed)
#   (use "git checkout -- <file>..." to discard changes in working directory)
#
#	deleted:    helloworld.c
#
bash-4.2$ git commit -m 'initial upa[Kdate for project1'
[master 132c014] initial update for project1
 11 files changed, 651 insertions(+), 4 deletions(-)
 create mode 100644 .gdbinit
 create mode 100644 commands.script
 create mode 100644 cpuinfo.txt
 create mode 100644 gcc.script
 create mode 100644 git.script
 create mode 100644 interrupts.txt
 create mode 160000 libgit2
 create mode 100644 lspci.txt
 create mode 100644 meminfo.txt
 create mode 100755 simple
bash-4.2$ git push
warning: push.default is unset; its implicit value is changing in
Git 2.0 from 'matching' to 'simple'. To squelch this message
and maintain the current behavior after the default changes, use:

  git config --global push.default matching

To squelch this message and adopt the new behavior now, use:

  git config --global push.default simple

See 'git help config' and search for 'push.default' for further information.
(the 'simple' mode was introduced in Git 1.7.11. Use the similar mode
'current' instead of 'simple' if you sometimes use older versions of Git)

Username for 'https://github.com': hopkins9886@gmial.com       ail.com
Password for 'https://hopkins9886@gmail.com@github.com': 
No refs in common and none specified; doing nothing.
Perhaps you should specify a branch such as 'master'.
Everything up-to-date
bash-4.2$ git push
warning: push.default is unset; its implicit value is changing in
Git 2.0 from 'matching' to 'simple'. To squelch this message
and maintain the current behavior after the default changes, use:

  git config --global push.default matching

To squelch this message and adopt the new behavior now, use:

  git config --global push.default simple

See 'git help config' and search for 'push.default' for further information.
(the 'simple' mode was introduced in Git 1.7.11. Use the similar mode
'current' instead of 'simple' if you sometimes use older versions of Git)

Username for 'https://github.com': hopkins9886# @gmail.com
Password for 'https://hopkins9886@gmail.com@github.com': 
No refs in common and none specified; doing nothing.
Perhaps you should specify a branch such as 'master'.
Everything up-to-date
bash-4.2$ push[K[K[K[Kgit push
warning: push.default is unset; its implicit value is changing in
Git 2.0 from 'matching' to 'simple'. To squelch this message
and maintain the current behavior after the default changes, use:

  git config --global push.default matching

To squelch this message and adopt the new behavior now, use:

  git config --global push.default simple

See 'git help config' and search for 'push.default' for further information.
(the 'simple' mode was introduced in Git 1.7.11. Use the similar mode
'current' instead of 'simple' if you sometimes use older versions of Git)

Username for 'https://github.com': SnowyyWind1998
Password for 'https://SnowyyWind1998@github.com': 
No refs in common and none specified; doing nothing.
Perhaps you should specify a branch such as 'master'.
Everything up-to-date
bash-4.2$ exit
exit

Script done on Wed 04 Sep 2019 08:53:29 PM CDT
